src/components/BookingWizard.tsx(4,29): error TS2304: Cannot find name 'useState'.
src/components/BookingWizard.tsx(5,37): error TS2304: Cannot find name 'useState'.
src/components/BookingWizard.tsx(15,35): error TS2304: Cannot find name 'useState'.
src/components/BookingWizard.tsx(16,33): error TS2304: Cannot find name 'useState'.
src/components/BookingWizard.tsx(17,41): error TS2304: Cannot find name 'useState'.
src/components/BookingWizard.tsx(18,57): error TS2304: Cannot find name 'useState'.
src/components/BookingWizard.tsx(20,5): error TS2304: Cannot find name 'useEffect'.
src/components/BookingWizard.tsx(31,5): error TS2304: Cannot find name 'useEffect'.
src/components/BookingWizard.tsx(54,21): error TS7006: Parameter 'prev' implicitly has an 'any' type.
src/components/BookingWizard.tsx(56,62): error TS7006: Parameter 'e' implicitly has an 'any' type.
src/components/BookingWizard.tsx(69,57): error TS18048: 'selectedMainService' is possibly 'undefined'.
src/components/BookingWizard.tsx(128,40): error TS7006: Parameter 'apt' implicitly has an 'any' type.
src/components/BookingWizard.tsx(147,25): error TS2304: Cannot find name 'styles'.
src/components/BookingWizard.tsx(149,29): error TS2304: Cannot find name 'styles'.
src/components/BookingWizard.tsx(150,36): error TS2304: Cannot find name 'styles'.
src/components/BookingWizard.tsx(150,63): error TS2304: Cannot find name 'styles'.
src/components/BookingWizard.tsx(151,36): error TS2304: Cannot find name 'styles'.
src/components/BookingWizard.tsx(151,63): error TS2304: Cannot find name 'styles'.
src/components/BookingWizard.tsx(152,36): error TS2304: Cannot find name 'styles'.
src/components/BookingWizard.tsx(152,63): error TS2304: Cannot find name 'styles'.
src/components/BookingWizard.tsx(155,29): error TS2304: Cannot find name 'styles'.
src/components/BookingWizard.tsx(157,37): error TS2304: Cannot find name 'styles'.
src/components/BookingWizard.tsx(159,41): error TS2304: Cannot find name 'styles'.
src/components/BookingWizard.tsx(161,60): error TS2304: Cannot find name 'styles'.
src/components/BookingWizard.tsx(163,55): error TS2304: Cannot find name 'styles'.
src/components/BookingWizard.tsx(163,104): error TS2304: Cannot find name 'styles'.
src/components/BookingWizard.tsx(166,57): error TS2304: Cannot find name 'styles'.
src/components/BookingWizard.tsx(172,57): error TS2304: Cannot find name 'styles'.
src/components/BookingWizard.tsx(177,67): error TS2304: Cannot find name 'styles'.
src/components/BookingWizard.tsx(177,121): error TS2304: Cannot find name 'styles'.
src/components/BookingWizard.tsx(183,70): error TS2304: Cannot find name 'styles'.
src/components/BookingWizard.tsx(184,70): error TS2304: Cannot find name 'styles'.
src/components/BookingWizard.tsx(205,37): error TS2304: Cannot find name 'styles'.
src/components/BookingWizard.tsx(208,41): error TS2304: Cannot find name 'styles'.
src/components/BookingWizard.tsx(209,45): error TS2304: Cannot find name 'styles'.
src/components/BookingWizard.tsx(211,48): error TS2304: Cannot find name 'styles'.
src/components/BookingWizard.tsx(224,48): error TS2304: Cannot find name 'styles'.
src/components/BookingWizard.tsx(235,45): error TS2304: Cannot find name 'styles'.
src/components/BookingWizard.tsx(237,61): error TS2304: Cannot find name 'styles'.
src/components/BookingWizard.tsx(266,63): error TS2304: Cannot find name 'styles'.
src/components/BookingWizard.tsx(266,98): error TS2304: Cannot find name 'styles'.
src/components/BookingWizard.tsx(266,132): error TS2304: Cannot find name 'styles'.
src/components/BookingWizard.tsx(266,173): error TS2304: Cannot find name 'styles'.
src/components/BookingWizard.tsx(280,45): error TS2304: Cannot find name 'styles'.
src/components/BookingWizard.tsx(282,49): error TS2304: Cannot find name 'styles'.
src/components/BookingWizard.tsx(288,63): error TS2304: Cannot find name 'styles'.
src/components/BookingWizard.tsx(288,107): error TS2304: Cannot find name 'styles'.
src/components/BookingWizard.tsx(288,142): error TS2304: Cannot find name 'styles'.
src/components/BookingWizard.tsx(303,41): error TS2304: Cannot find name 'styles'.
src/components/BookingWizard.tsx(317,37): error TS2304: Cannot find name 'styles'.
src/components/BookingWizard.tsx(321,41): error TS2304: Cannot find name 'styles'.
src/components/BookingWizard.tsx(325,44): error TS2304: Cannot find name 'styles'.
src/components/BookingWizard.tsx(332,41): error TS2304: Cannot find name 'styles'.
src/components/BookingWizard.tsx(336,44): error TS2304: Cannot find name 'styles'.
src/components/BookingWizard.tsx(343,41): error TS2304: Cannot find name 'styles'.
src/components/BookingWizard.tsx(347,44): error TS2304: Cannot find name 'styles'.
src/components/BookingWizard.tsx(354,41): error TS2304: Cannot find name 'styles'.
src/components/BookingWizard.tsx(368,37): error TS2304: Cannot find name 'styles'.
